---
created: "2019-03-17T19:29:17.432556500Z"
creator: insta@0.7.1
source: tests/test_attribute.rs
expression: syntax_tree
---
List(
    MetaList {
        path: Path {
            leading_colon: None,
            segments: [
                PathSegment {
                    ident: Ident(
                        foo
                    ),
                    arguments: None
                }
            ]
        },
        paren_token: Paren,
        nested: [
            Meta(
                NameValue(
                    MetaNameValue {
                        path: Path {
                            leading_colon: None,
                            segments: [
                                PathSegment {
                                    ident: Ident(
                                        bar
                                    ),
                                    arguments: None
                                },
                                Colon2,
                                PathSegment {
                                    ident: Ident(
                                        baz
                                    ),
                                    arguments: None
                                }
                            ]
                        },
                        eq_token: Eq,
                        lit: Int(
                            LitInt {
                                token: Literal {
                                    lit: 5
                                }
                            }
                        )
                    }
                )
            )
        ]
    }
)
