---
created: "2019-03-17T19:29:17.435553400Z"
creator: insta@0.7.1
source: tests/test_attribute.rs
expression: syntax_tree
---
List(
    MetaList {
        path: Path {
            leading_colon: None,
            segments: [
                PathSegment {
                    ident: Ident(
                        foo
                    ),
                    arguments: None
                },
                Colon2,
                PathSegment {
                    ident: Ident(
                        bar
                    ),
                    arguments: None
                }
            ]
        },
        paren_token: Paren,
        nested: [
            Meta(
                Path(
                    Path {
                        leading_colon: None,
                        segments: [
                            PathSegment {
                                ident: Ident(
                                    baz
                                ),
                                arguments: None
                            },
                            Colon2,
                            PathSegment {
                                ident: Ident(
                                    Qux
                                ),
                                arguments: None
                            }
                        ]
                    }
                )
            )
        ]
    }
)
