---
created: "2019-03-17T19:29:17.528301700Z"
creator: insta@0.7.1
source: tests/test_attribute.rs
expression: syntax_tree
---
Path(
    Path {
        leading_colon: None,
        segments: [
            PathSegment {
                ident: Ident(
                    foo
                ),
                arguments: None
            },
            Colon2,
            PathSegment {
                ident: Ident(
                    bar
                ),
                arguments: None
            }
        ]
    }
)
