---
created: "2019-03-17T19:29:17.433554400Z"
creator: insta@0.7.1
source: tests/test_attribute.rs
expression: syntax_tree
---
NameValue(
    MetaNameValue {
        path: Path {
            leading_colon: None,
            segments: [
                PathSegment {
                    ident: Ident(
                        foo
                    ),
                    arguments: None
                }
            ]
        },
        eq_token: Eq,
        lit: Bool(
            LitBool {
                value: false,
                span: Span
            }
        )
    }
)
