---
created: "2019-03-17T20:26:22.508944900Z"
creator: insta@0.7.1
source: tests/test_meta.rs
expression: syntax_tree
---
MetaList {
    path: Path {
        leading_colon: None,
        segments: [
            PathSegment {
                ident: Ident(
                    foo
                ),
                arguments: None
            }
        ]
    },
    paren_token: Paren,
    nested: [
        Meta(
            Path(
                Path {
                    leading_colon: None,
                    segments: [
                        PathSegment {
                            ident: Ident(
                                word
                            ),
                            arguments: None
                        }
                    ]
                }
            )
        ),
        Comma,
        Meta(
            NameValue(
                MetaNameValue {
                    path: Path {
                        leading_colon: None,
                        segments: [
                            PathSegment {
                                ident: Ident(
                                    name
                                ),
                                arguments: None
                            }
                        ]
                    },
                    eq_token: Eq,
                    lit: Int(
                        LitInt {
                            token: Literal {
                                lit: 5
                            }
                        }
                    )
                }
            )
        ),
        Comma,
        Meta(
            List(
                MetaList {
                    path: Path {
                        leading_colon: None,
                        segments: [
                            PathSegment {
                                ident: Ident(
                                    list
                                ),
                                arguments: None
                            }
                        ]
                    },
                    paren_token: Paren,
                    nested: [
                        Meta(
                            NameValue(
                                MetaNameValue {
                                    path: Path {
                                        leading_colon: None,
                                        segments: [
                                            PathSegment {
                                                ident: Ident(
                                                    name2
                                                ),
                                                arguments: None
                                            }
                                        ]
                                    },
                                    eq_token: Eq,
                                    lit: Int(
                                        LitInt {
                                            token: Literal {
                                                lit: 6
                                            }
                                        }
                                    )
                                }
                            )
                        )
                    ]
                }
            )
        ),
        Comma,
        Meta(
            Path(
                Path {
                    leading_colon: None,
                    segments: [
                        PathSegment {
                            ident: Ident(
                                word2
                            ),
                            arguments: None
                        }
                    ]
                }
            )
        )
    ]
}
